// Jest Snapshot v1, https://goo.gl/fbAQLP

exports[`Display renders the Display component and matches snapshot 1`] = `
<div
  className="component-display"
>
  0
</div>
`;
