// Jest Snapshot v1, https://goo.gl/fbAQLP

exports[`Button renders the Button component and matches snapshot 1`] = `
<button
  className="component-button"
  onClick={[Function]}
  type="submit"
>
  test
</button>
`;
